0 verbose cli /usr/local/Cellar/node/23.2.0_1/bin/node /usr/local/bin/npm
1 info using npm@10.9.0
2 info using node@v23.2.0
3 silly config load:file:/usr/local/lib/node_modules/npm/npmrc
4 silly config load:file:/Users/admin/Documents/INHOUSE CRM/crminhouse/.npmrc
5 silly config load:file:/Users/admin/.npmrc
6 silly config load:file:/usr/local/etc/npmrc
7 verbose title npm install @radix-ui/react-accordion
8 verbose argv "install" "@radix-ui/react-accordion" "--cache" ".npm-cache"
9 verbose logfile logs-max:10 dir:/Users/admin/Documents/INHOUSE CRM/crminhouse/.npm-cache/_logs/2025-11-12T10_33_05_132Z-
10 verbose logfile /Users/admin/Documents/INHOUSE CRM/crminhouse/.npm-cache/_logs/2025-11-12T10_33_05_132Z-debug-0.log
11 silly logfile done cleaning log files
12 silly packumentCache heap:4345298944 maxSize:1086324736 maxEntrySize:543162368
13 silly idealTree buildDeps
14 silly fetch manifest @radix-ui/react-accordion@*
15 silly packumentCache full:https://registry.npmjs.org/@radix-ui%2freact-accordion cache-miss
16 http fetch GET 200 https://registry.npmjs.org/npm 756ms
17 http fetch GET 200 https://registry.npmjs.org/@radix-ui%2freact-accordion 482ms (cache miss)
18 silly packumentCache full:https://registry.npmjs.org/@radix-ui%2freact-accordion set size:undefined disposed:false
19 silly fetch manifest @types/react@^19
20 silly packumentCache full:https://registry.npmjs.org/@types%2freact cache-miss
21 http fetch GET 200 https://registry.npmjs.org/@types%2freact 100ms (cache miss)
22 silly packumentCache full:https://registry.npmjs.org/@types%2freact set size:undefined disposed:false
23 silly fetch manifest @types/react-dom@^19
24 silly packumentCache full:https://registry.npmjs.org/@types%2freact-dom cache-miss
25 http fetch GET 200 https://registry.npmjs.org/@types%2freact-dom 96ms (cache miss)
26 silly packumentCache full:https://registry.npmjs.org/@types%2freact-dom set size:undefined disposed:false
27 silly fetch manifest react@19.1.0
28 silly packumentCache full:https://registry.npmjs.org/react cache-miss
29 http fetch GET 200 https://registry.npmjs.org/react 188ms (cache miss)
30 silly packumentCache full:https://registry.npmjs.org/react set size:undefined disposed:false
31 silly fetch manifest react-dom@19.1.0
32 silly packumentCache full:https://registry.npmjs.org/react-dom cache-miss
33 http fetch GET 200 https://registry.npmjs.org/react-dom 283ms (cache miss)
34 silly packumentCache full:https://registry.npmjs.org/react-dom set size:undefined disposed:false
35 silly placeDep ROOT @radix-ui/react-accordion@1.2.12 OK for: crm-app@0.1.0 want: *
36 silly fetch manifest @radix-ui/primitive@1.1.3
37 silly packumentCache full:https://registry.npmjs.org/@radix-ui%2fprimitive cache-miss
38 silly fetch manifest @radix-ui/react-collapsible@1.1.12
39 silly packumentCache full:https://registry.npmjs.org/@radix-ui%2freact-collapsible cache-miss
40 http fetch GET 200 https://registry.npmjs.org/@radix-ui%2fprimitive 103ms (cache miss)
41 silly packumentCache full:https://registry.npmjs.org/@radix-ui%2fprimitive set size:undefined disposed:false
42 http fetch GET 200 https://registry.npmjs.org/@radix-ui%2freact-collapsible 112ms (cache miss)
43 silly packumentCache full:https://registry.npmjs.org/@radix-ui%2freact-collapsible set size:undefined disposed:false
44 silly fetch manifest @types/react@*
45 silly packumentCache full:https://registry.npmjs.org/@types%2freact cache-miss
46 http fetch GET 200 https://registry.npmjs.org/@types%2freact 19ms (cache hit)
47 silly packumentCache full:https://registry.npmjs.org/@types%2freact set size:2511262 disposed:false
48 silly fetch manifest @types/react-dom@*
49 silly packumentCache full:https://registry.npmjs.org/@types%2freact-dom cache-miss
50 http fetch GET 200 https://registry.npmjs.org/@types%2freact-dom 6ms (cache hit)
51 silly packumentCache full:https://registry.npmjs.org/@types%2freact-dom set size:429026 disposed:false
52 silly fetch manifest react@^16.8 || ^17.0 || ^18.0 || ^19.0 || ^19.0.0-rc
53 silly packumentCache full:https://registry.npmjs.org/react cache-miss
54 http fetch GET 200 https://registry.npmjs.org/react 28ms (cache hit)
55 silly packumentCache full:https://registry.npmjs.org/react set size:6248316 disposed:false
56 silly fetch manifest react-dom@^16.8 || ^17.0 || ^18.0 || ^19.0 || ^19.0.0-rc
57 silly packumentCache full:https://registry.npmjs.org/react-dom cache-miss
58 http fetch GET 200 https://registry.npmjs.org/react-dom 36ms (cache hit)
59 silly packumentCache full:https://registry.npmjs.org/react-dom set size:8179154 disposed:false
60 silly placeDep node_modules/@radix-ui/react-accordion @radix-ui/primitive@1.1.3 OK for: @radix-ui/react-accordion@1.2.12 want: 1.1.3
61 silly placeDep ROOT @radix-ui/react-collapsible@1.1.12 REPLACE for: @radix-ui/react-accordion@1.2.12 want: 1.1.12
62 silly fetch manifest @radix-ui/react-presence@1.1.5
63 silly packumentCache full:https://registry.npmjs.org/@radix-ui%2freact-presence cache-miss
64 http fetch GET 200 https://registry.npmjs.org/@radix-ui%2freact-presence 72ms (cache miss)
65 silly packumentCache full:https://registry.npmjs.org/@radix-ui%2freact-presence set size:undefined disposed:false
66 silly placeDep node_modules/@radix-ui/react-collapsible @radix-ui/primitive@1.1.3 OK for: @radix-ui/react-collapsible@1.1.12 want: 1.1.3
67 silly placeDep node_modules/@radix-ui/react-collapsible @radix-ui/react-presence@1.1.5 OK for: @radix-ui/react-collapsible@1.1.12 want: 1.1.5
68 silly reify mark retired [
68 silly reify   '/Users/admin/Documents/INHOUSE CRM/crminhouse/node_modules/@radix-ui/react-collapsible'
68 silly reify ]
69 silly reify moves {
69 silly reify   '/Users/admin/Documents/INHOUSE CRM/crminhouse/node_modules/@radix-ui/react-collapsible': '/Users/admin/Documents/INHOUSE CRM/crminhouse/node_modules/@radix-ui/.react-collapsible-pENHO0q0'
69 silly reify }
70 verbose reify failed optional dependency /Users/admin/Documents/INHOUSE CRM/crminhouse/node_modules/@tailwindcss/oxide-wasm32-wasi
71 silly reify mark deleted [
71 silly reify   '/Users/admin/Documents/INHOUSE CRM/crminhouse/node_modules/@tailwindcss/oxide-wasm32-wasi'
71 silly reify ]
72 silly audit bulk request {
72 silly audit   '@alloc/quick-lru': [ '5.2.0' ],
72 silly audit   '@ampproject/remapping': [ '2.3.0' ],
72 silly audit   '@date-fns/tz': [ '1.4.1' ],
72 silly audit   '@emnapi/core': [ '1.4.5' ],
72 silly audit   '@emnapi/runtime': [ '1.4.5' ],
72 silly audit   '@emnapi/wasi-threads': [ '1.0.4' ],
72 silly audit   '@eslint-community/eslint-utils': [ '4.7.0' ],
72 silly audit   'eslint-visitor-keys': [ '3.4.3', '4.2.1' ],
72 silly audit   '@eslint-community/regexpp': [ '4.12.1' ],
72 silly audit   '@eslint/config-array': [ '0.21.0' ],
72 silly audit   '@eslint/config-helpers': [ '0.3.0' ],
72 silly audit   '@eslint/core': [ '0.15.1' ],
72 silly audit   '@eslint/eslintrc': [ '3.3.1' ],
72 silly audit   '@eslint/js': [ '9.32.0' ],
72 silly audit   '@eslint/object-schema': [ '2.1.6' ],
72 silly audit   '@eslint/plugin-kit': [ '0.3.4' ],
72 silly audit   '@floating-ui/core': [ '1.7.3' ],
72 silly audit   '@floating-ui/dom': [ '1.7.3' ],
72 silly audit   '@floating-ui/react-dom': [ '2.1.5' ],
72 silly audit   '@floating-ui/utils': [ '0.2.10' ],
72 silly audit   '@hookform/resolvers': [ '5.2.1' ],
72 silly audit   '@humanfs/core': [ '0.19.1' ],
72 silly audit   '@humanfs/node': [ '0.16.6' ],
72 silly audit   '@humanwhocodes/retry': [ '0.3.1', '0.4.3' ],
72 silly audit   '@humanwhocodes/module-importer': [ '1.0.1' ],
72 silly audit   '@img/sharp-darwin-arm64': [ '0.34.3' ],
72 silly audit   '@img/sharp-darwin-x64': [ '0.34.3' ],
72 silly audit   '@img/sharp-libvips-darwin-arm64': [ '1.2.0' ],
72 silly audit   '@img/sharp-libvips-darwin-x64': [ '1.2.0' ],
72 silly audit   '@img/sharp-libvips-linux-arm': [ '1.2.0' ],
72 silly audit   '@img/sharp-libvips-linux-arm64': [ '1.2.0' ],
72 silly audit   '@img/sharp-libvips-linux-ppc64': [ '1.2.0' ],
72 silly audit   '@img/sharp-libvips-linux-s390x': [ '1.2.0' ],
72 silly audit   '@img/sharp-libvips-linux-x64': [ '1.2.0' ],
72 silly audit   '@img/sharp-libvips-linuxmusl-arm64': [ '1.2.0' ],
72 silly audit   '@img/sharp-libvips-linuxmusl-x64': [ '1.2.0' ],
72 silly audit   '@img/sharp-linux-arm': [ '0.34.3' ],
72 silly audit   '@img/sharp-linux-arm64': [ '0.34.3' ],
72 silly audit   '@img/sharp-linux-ppc64': [ '0.34.3' ],
72 silly audit   '@img/sharp-linux-s390x': [ '0.34.3' ],
72 silly audit   '@img/sharp-linux-x64': [ '0.34.3' ],
72 silly audit   '@img/sharp-linuxmusl-arm64': [ '0.34.3' ],
72 silly audit   '@img/sharp-linuxmusl-x64': [ '0.34.3' ],
72 silly audit   '@img/sharp-wasm32': [ '0.34.3' ],
72 silly audit   '@img/sharp-win32-arm64': [ '0.34.3' ],
72 silly audit   '@img/sharp-win32-ia32': [ '0.34.3' ],
72 silly audit   '@img/sharp-win32-x64': [ '0.34.3' ],
72 silly audit   '@isaacs/fs-minipass': [ '4.0.1' ],
72 silly audit   '@jridgewell/gen-mapping': [ '0.3.12' ],
72 silly audit   '@jridgewell/resolve-uri': [ '3.1.2' ],
72 silly audit   '@jridgewell/sourcemap-codec': [ '1.5.4' ],
72 silly audit   '@jridgewell/trace-mapping': [ '0.3.29' ],
72 silly audit   '@napi-rs/wasm-runtime': [ '0.2.12' ],
72 silly audit   '@next/env': [ '15.4.5' ],
72 silly audit   '@next/eslint-plugin-next': [ '15.4.5' ],
72 silly audit   '@next/swc-darwin-arm64': [ '15.4.5' ],
72 silly audit   '@next/swc-darwin-x64': [ '15.4.5' ],
72 silly audit   '@next/swc-linux-arm64-gnu': [ '15.4.5' ],
72 silly audit   '@next/swc-linux-arm64-musl': [ '15.4.5' ],
72 silly audit   '@next/swc-linux-x64-gnu': [ '15.4.5' ],
72 silly audit   '@next/swc-linux-x64-musl': [ '15.4.5' ],
72 silly audit   '@next/swc-win32-arm64-msvc': [ '15.4.5' ],
72 silly audit   '@next/swc-win32-x64-msvc': [ '15.4.5' ],
72 silly audit   '@nodelib/fs.scandir': [ '2.1.5' ],
72 silly audit   '@nodelib/fs.stat': [ '2.0.5' ],
72 silly audit   '@nodelib/fs.walk': [ '1.2.8' ],
72 silly audit   '@nolyfill/is-core-module': [ '1.0.39' ],
72 silly audit   '@radix-ui/number': [ '1.1.1' ],
72 silly audit   '@radix-ui/primitive': [ '1.1.2', '1.1.3' ],
72 silly audit   '@radix-ui/react-arrow': [ '1.1.7' ],
72 silly audit   '@radix-ui/react-avatar': [ '1.1.10' ],
72 silly audit   '@radix-ui/react-checkbox': [ '1.3.2' ],
72 silly audit   '@radix-ui/react-collection': [ '1.1.7' ],
72 silly audit   '@radix-ui/react-compose-refs': [ '1.1.2' ],
72 silly audit   '@radix-ui/react-context': [ '1.1.2' ],
72 silly audit   '@radix-ui/react-dialog': [ '1.1.14' ],
72 silly audit   '@radix-ui/react-direction': [ '1.1.1' ],
72 silly audit   '@radix-ui/react-dismissable-layer': [ '1.1.10' ],
72 silly audit   '@radix-ui/react-dropdown-menu': [ '2.1.15' ],
72 silly audit   '@radix-ui/react-focus-guards': [ '1.1.2' ],
72 silly audit   '@radix-ui/react-focus-scope': [ '1.1.7' ],
72 silly audit   '@radix-ui/react-id': [ '1.1.1' ],
72 silly audit   '@radix-ui/react-label': [ '2.1.7' ],
72 silly audit   '@radix-ui/react-menu': [ '2.1.15' ],
72 silly audit   '@radix-ui/react-navigation-menu': [ '1.2.13' ],
72 silly audit   '@radix-ui/react-popover': [ '1.1.14' ],
72 silly audit   '@radix-ui/react-popper': [ '1.2.7' ],
72 silly audit   '@radix-ui/react-portal': [ '1.1.9' ],
72 silly audit   '@radix-ui/react-presence': [ '1.1.4', '1.1.5' ],
72 silly audit   '@radix-ui/react-primitive': [ '2.1.3' ],
72 silly audit   '@radix-ui/react-progress': [ '1.1.7' ],
72 silly audit   '@radix-ui/react-radio-group': [ '1.3.7' ],
72 silly audit   '@radix-ui/react-roving-focus': [ '1.1.10' ],
72 silly audit   '@radix-ui/react-scroll-area': [ '1.2.9' ],
72 silly audit   '@radix-ui/react-select': [ '2.2.5' ],
72 silly audit   '@radix-ui/react-separator': [ '1.1.7' ],
72 silly audit   '@radix-ui/react-slider': [ '1.3.5' ],
72 silly audit   '@radix-ui/react-slot': [ '1.2.3' ],
72 silly audit   '@radix-ui/react-switch': [ '1.2.5' ],
72 silly audit   '@radix-ui/react-tabs': [ '1.1.12' ],
72 silly audit   '@radix-ui/react-tooltip': [ '1.2.7' ],
72 silly audit   '@radix-ui/react-use-callback-ref': [ '1.1.1' ],
72 silly audit   '@radix-ui/react-use-controllable-state': [ '1.2.2' ],
72 silly audit   '@radix-ui/react-use-effect-event': [ '0.0.2' ],
72 silly audit   '@radix-ui/react-use-escape-keydown': [ '1.1.1' ],
72 silly audit   '@radix-ui/react-use-is-hydrated': [ '0.1.0' ],
72 silly audit   '@radix-ui/react-use-layout-effect': [ '1.1.1' ],
72 silly audit   '@radix-ui/react-use-previous': [ '1.1.1' ],
72 silly audit   '@radix-ui/react-use-rect': [ '1.1.1' ],
72 silly audit   '@radix-ui/react-use-size': [ '1.1.1' ],
72 silly audit   '@radix-ui/react-visually-hidden': [ '1.2.3' ],
72 silly audit   '@radix-ui/rect': [ '1.1.1' ],
72 silly audit   '@rtsao/scc': [ '1.1.0' ],
72 silly audit   '@rushstack/eslint-patch': [ '1.12.0' ],
72 silly audit   '@standard-schema/utils': [ '0.3.0' ],
72 silly audit   '@swc/helpers': [ '0.5.15' ],
72 silly audit   '@tailwindcss/node': [ '4.1.11' ],
72 silly audit   '@tailwindcss/oxide': [ '4.1.11' ],
72 silly audit   '@tailwindcss/oxide-android-arm64': [ '4.1.11' ],
72 silly audit   '@tailwindcss/oxide-darwin-arm64': [ '4.1.11' ],
72 silly audit   '@tailwindcss/oxide-darwin-x64': [ '4.1.11' ],
72 silly audit   '@tailwindcss/oxide-freebsd-x64': [ '4.1.11' ],
72 silly audit   '@tailwindcss/oxide-linux-arm-gnueabihf': [ '4.1.11' ],
72 silly audit   '@tailwindcss/oxide-linux-arm64-gnu': [ '4.1.11' ],
72 silly audit   '@tailwindcss/oxide-linux-arm64-musl': [ '4.1.11' ],
72 silly audit   '@tailwindcss/oxide-linux-x64-gnu': [ '4.1.11' ],
72 silly audit   '@tailwindcss/oxide-linux-x64-musl': [ '4.1.11' ],
72 silly audit   '@tailwindcss/oxide-win32-arm64-msvc': [ '4.1.11' ],
72 silly audit   '@tailwindcss/oxide-win32-x64-msvc': [ '4.1.11' ],
72 silly audit   '@tailwindcss/postcss': [ '4.1.11' ],
72 silly audit   '@tanstack/query-core': [ '5.83.1' ],
72 silly audit   '@tanstack/query-devtools': [ '5.84.0' ],
72 silly audit   '@tanstack/react-query': [ '5.84.1' ],
72 silly audit   '@tanstack/react-query-devtools': [ '5.84.1' ],
72 silly audit   '@tanstack/react-table': [ '8.21.3' ],
72 silly audit   '@tanstack/table-core': [ '8.21.3' ],
72 silly audit   '@tybys/wasm-util': [ '0.10.0' ],
72 silly audit   '@types/estree': [ '1.0.8' ],
72 silly audit   '@types/json-schema': [ '7.0.15' ],
72 silly audit   '@types/json5': [ '0.0.29' ],
72 silly audit   '@types/node': [ '20.19.9' ],
72 silly audit   '@types/react': [ '19.1.9' ],
72 silly audit   '@types/react-dom': [ '19.1.7' ],
72 silly audit   '@typescript-eslint/eslint-plugin': [ '8.38.0' ],
72 silly audit   ignore: [ '7.0.5', '5.3.2' ],
72 silly audit   '@typescript-eslint/parser': [ '8.38.0' ],
72 silly audit   '@typescript-eslint/project-service': [ '8.38.0' ],
72 silly audit   '@typescript-eslint/scope-manager': [ '8.38.0' ],
72 silly audit   '@typescript-eslint/tsconfig-utils': [ '8.38.0' ],
72 silly audit   '@typescript-eslint/type-utils': [ '8.38.0' ],
72 silly audit   '@typescript-eslint/types': [ '8.38.0' ],
72 silly audit   '@typescript-eslint/typescript-estree': [ '8.38.0' ],
72 silly audit   'brace-expansion': [ '2.0.2', '1.1.12' ],
72 silly audit   'fast-glob': [ '3.3.3', '3.3.1' ],
72 silly audit   'glob-parent': [ '5.1.2', '6.0.2' ],
72 silly audit   minimatch: [ '9.0.5', '3.1.2' ],
72 silly audit   '@typescript-eslint/utils': [ '8.38.0' ],
72 silly audit   '@typescript-eslint/visitor-keys': [ '8.38.0' ],
72 silly audit   '@unrs/resolver-binding-android-arm-eabi': [ '1.11.1' ],
72 silly audit   '@unrs/resolver-binding-android-arm64': [ '1.11.1' ],
72 silly audit   '@unrs/resolver-binding-darwin-arm64': [ '1.11.1' ],
72 silly audit   '@unrs/resolver-binding-darwin-x64': [ '1.11.1' ],
72 silly audit   '@unrs/resolver-binding-freebsd-x64': [ '1.11.1' ],
72 silly audit   '@unrs/resolver-binding-linux-arm-gnueabihf': [ '1.11.1' ],
72 silly audit   '@unrs/resolver-binding-linux-arm-musleabihf': [ '1.11.1' ],
72 silly audit   '@unrs/resolver-binding-linux-arm64-gnu': [ '1.11.1' ],
72 silly audit   '@unrs/resolver-binding-linux-arm64-musl': [ '1.11.1' ],
72 silly audit   '@unrs/resolver-binding-linux-ppc64-gnu': [ '1.11.1' ],
72 silly audit   '@unrs/resolver-binding-linux-riscv64-gnu': [ '1.11.1' ],
72 silly audit   '@unrs/resolver-binding-linux-riscv64-musl': [ '1.11.1' ],
72 silly audit   '@unrs/resolver-binding-linux-s390x-gnu': [ '1.11.1' ],
72 silly audit   '@unrs/resolver-binding-linux-x64-gnu': [ '1.11.1' ],
72 silly audit   '@unrs/resolver-binding-linux-x64-musl': [ '1.11.1' ],
72 silly audit   '@unrs/resolver-binding-wasm32-wasi': [ '1.11.1' ],
72 silly audit   '@unrs/resolver-binding-win32-arm64-msvc': [ '1.11.1' ],
72 silly audit   '@unrs/resolver-binding-win32-ia32-msvc': [ '1.11.1' ],
72 silly audit   '@unrs/resolver-binding-win32-x64-msvc': [ '1.11.1' ],
72 silly audit   acorn: [ '8.15.0' ],
72 silly audit   'acorn-jsx': [ '5.3.2' ],
72 silly audit   ajv: [ '6.12.6' ],
72 silly audit   'ansi-styles': [ '4.3.0' ],
72 silly audit   argparse: [ '2.0.1' ],
72 silly audit   'aria-hidden': [ '1.2.6' ],
72 silly audit   'aria-query': [ '5.3.2' ],
72 silly audit   'array-buffer-byte-length': [ '1.0.2' ],
72 silly audit   'array-includes': [ '3.1.9' ],
72 silly audit   'array.prototype.findlast': [ '1.2.5' ],
72 silly audit   'array.prototype.findlastindex': [ '1.2.6' ],
72 silly audit   'array.prototype.flat': [ '1.3.3' ],
72 silly audit   'array.prototype.flatmap': [ '1.3.3' ],
72 silly audit   'array.prototype.tosorted': [ '1.1.4' ],
72 silly audit   'arraybuffer.prototype.slice': [ '1.0.4' ],
72 silly audit   'ast-types-flow': [ '0.0.8' ],
72 silly audit   'async-function': [ '1.0.0' ],
72 silly audit   'available-typed-arrays': [ '1.0.7' ],
72 silly audit   'axe-core': [ '4.10.3' ],
72 silly audit   'axobject-query': [ '4.1.0' ],
72 silly audit   'balanced-match': [ '1.0.2' ],
72 silly audit   braces: [ '3.0.3' ],
72 silly audit   'call-bind': [ '1.0.8' ],
72 silly audit   'call-bind-apply-helpers': [ '1.0.2' ],
72 silly audit   'call-bound': [ '1.0.4' ],
72 silly audit   callsites: [ '3.1.0' ],
72 silly audit   'caniuse-lite': [ '1.0.30001731' ],
72 silly audit   chalk: [ '4.1.2' ],
72 silly audit   chownr: [ '3.0.0' ],
72 silly audit   'class-variance-authority': [ '0.7.1' ],
72 silly audit   'client-only': [ '0.0.1' ],
72 silly audit   clsx: [ '2.1.1' ],
72 silly audit   cmdk: [ '1.1.1' ],
72 silly audit   color: [ '4.2.3' ],
72 silly audit   'color-convert': [ '2.0.1' ],
72 silly audit   'color-name': [ '1.1.4' ],
72 silly audit   'color-string': [ '1.9.1' ],
72 silly audit   'concat-map': [ '0.0.1' ],
72 silly audit   'cross-spawn': [ '7.0.6' ],
72 silly audit   csstype: [ '3.1.3' ],
72 silly audit   'damerau-levenshtein': [ '1.0.8' ],
72 silly audit   'data-view-buffer': [ '1.0.2' ],
72 silly audit   'data-view-byte-length': [ '1.0.2' ],
72 silly audit   'data-view-byte-offset': [ '1.0.1' ],
72 silly audit   'date-fns': [ '4.1.0' ],
72 silly audit   'date-fns-jalali': [ '4.1.0-0' ],
72 silly audit   debug: [ '4.4.1', '3.2.7' ],
72 silly audit   'deep-is': [ '0.1.4' ],
72 silly audit   'define-data-property': [ '1.1.4' ],
72 silly audit   'define-properties': [ '1.2.1' ],
72 silly audit   'detect-libc': [ '2.0.4' ],
72 silly audit   'detect-node-es': [ '1.1.0' ],
72 silly audit   doctrine: [ '2.1.0' ],
72 silly audit   'dunder-proto': [ '1.0.1' ],
72 silly audit   'emoji-regex': [ '9.2.2' ],
72 silly audit   'enhanced-resolve': [ '5.18.2' ],
72 silly audit   'es-abstract': [ '1.24.0' ],
72 silly audit   'es-define-property': [ '1.0.1' ],
72 silly audit   'es-errors': [ '1.3.0' ],
72 silly audit   'es-iterator-helpers': [ '1.2.1' ],
72 silly audit   'es-object-atoms': [ '1.1.1' ],
72 silly audit   'es-set-tostringtag': [ '2.1.0' ],
72 silly audit   'es-shim-unscopables': [ '1.1.0' ],
72 silly audit   'es-to-primitive': [ '1.3.0' ],
72 silly audit   'escape-string-regexp': [ '4.0.0' ],
72 silly audit   eslint: [ '9.32.0' ],
72 silly audit   'eslint-config-next': [ '15.4.5' ],
72 silly audit   'eslint-import-resolver-node': [ '0.3.9' ],
72 silly audit   'eslint-import-resolver-typescript': [ '3.10.1' ],
72 silly audit   'eslint-module-utils': [ '2.12.1' ],
72 silly audit   'eslint-plugin-import': [ '2.32.0' ],
72 silly audit   semver: [ '6.3.1', '7.7.2' ],
72 silly audit   'eslint-plugin-jsx-a11y': [ '6.10.2' ],
72 silly audit   'eslint-plugin-react': [ '7.37.5' ],
72 silly audit   'eslint-plugin-react-hooks': [ '5.2.0' ],
72 silly audit   resolve: [ '2.0.0-next.5', '1.22.10' ],
72 silly audit   'eslint-scope': [ '8.4.0' ],
72 silly audit   espree: [ '10.4.0' ],
72 silly audit   esquery: [ '1.6.0' ],
72 silly audit   esrecurse: [ '4.3.0' ],
72 silly audit   estraverse: [ '5.3.0' ],
72 silly audit   esutils: [ '2.0.3' ],
72 silly audit   'fast-deep-equal': [ '3.1.3' ],
72 silly audit   'fast-json-stable-stringify': [ '2.1.0' ],
72 silly audit   'fast-levenshtein': [ '2.0.6' ],
72 silly audit   fastq: [ '1.19.1' ],
72 silly audit   'file-entry-cache': [ '8.0.0' ],
72 silly audit   'fill-range': [ '7.1.1' ],
72 silly audit   'find-up': [ '5.0.0' ],
72 silly audit   'flat-cache': [ '4.0.1' ],
72 silly audit   flatted: [ '3.3.3' ],
72 silly audit   'for-each': [ '0.3.5' ],
72 silly audit   'framer-motion': [ '12.23.12' ],
72 silly audit   'function-bind': [ '1.1.2' ],
72 silly audit   'function.prototype.name': [ '1.1.8' ],
72 silly audit   'functions-have-names': [ '1.2.3' ],
72 silly audit   'get-intrinsic': [ '1.3.0' ],
72 silly audit   'get-nonce': [ '1.0.1' ],
72 silly audit   'get-proto': [ '1.0.1' ],
72 silly audit   'get-symbol-description': [ '1.1.0' ],
72 silly audit   'get-tsconfig': [ '4.10.1' ],
72 silly audit   globals: [ '14.0.0' ],
72 silly audit   globalthis: [ '1.0.4' ],
72 silly audit   goober: [ '2.1.16' ],
72 silly audit   gopd: [ '1.2.0' ],
72 silly audit   'graceful-fs': [ '4.2.11' ],
72 silly audit   graphemer: [ '1.4.0' ],
72 silly audit   'has-bigints': [ '1.1.0' ],
72 silly audit   'has-flag': [ '4.0.0' ],
72 silly audit   'has-property-descriptors': [ '1.0.2' ],
72 silly audit   'has-proto': [ '1.2.0' ],
72 silly audit   'has-symbols': [ '1.1.0' ],
72 silly audit   'has-tostringtag': [ '1.0.2' ],
72 silly audit   hasown: [ '2.0.2' ],
72 silly audit   'import-fresh': [ '3.3.1' ],
72 silly audit   imurmurhash: [ '0.1.4' ],
72 silly audit   'input-otp': [ '1.4.2' ],
72 silly audit   'internal-slot': [ '1.1.0' ],
72 silly audit   'is-array-buffer': [ '3.0.5' ],
72 silly audit   'is-arrayish': [ '0.3.2' ],
72 silly audit   'is-async-function': [ '2.1.1' ],
72 silly audit   'is-bigint': [ '1.1.0' ],
72 silly audit   'is-boolean-object': [ '1.2.2' ],
72 silly audit   'is-bun-module': [ '2.0.0' ],
72 silly audit   'is-callable': [ '1.2.7' ],
72 silly audit   'is-core-module': [ '2.16.1' ],
72 silly audit   'is-data-view': [ '1.0.2' ],
72 silly audit   'is-date-object': [ '1.1.0' ],
72 silly audit   'is-extglob': [ '2.1.1' ],
72 silly audit   'is-finalizationregistry': [ '1.1.1' ],
72 silly audit   'is-generator-function': [ '1.1.0' ],
72 silly audit   'is-glob': [ '4.0.3' ],
72 silly audit   'is-map': [ '2.0.3' ],
72 silly audit   'is-negative-zero': [ '2.0.3' ],
72 silly audit   'is-number': [ '7.0.0' ],
72 silly audit   'is-number-object': [ '1.1.1' ],
72 silly audit   'is-regex': [ '1.2.1' ],
72 silly audit   'is-set': [ '2.0.3' ],
72 silly audit   'is-shared-array-buffer': [ '1.0.4' ],
72 silly audit   'is-string': [ '1.1.1' ],
72 silly audit   'is-symbol': [ '1.1.1' ],
72 silly audit   'is-typed-array': [ '1.1.15' ],
72 silly audit   'is-weakmap': [ '2.0.2' ],
72 silly audit   'is-weakref': [ '1.1.1' ],
72 silly audit   'is-weakset': [ '2.0.4' ],
72 silly audit   isarray: [ '2.0.5' ],
72 silly audit   isexe: [ '2.0.0' ],
72 silly audit   'iterator.prototype': [ '1.1.5' ],
72 silly audit   jiti: [ '2.5.1' ],
72 silly audit   'js-tokens': [ '4.0.0' ],
72 silly audit   'js-yaml': [ '4.1.0' ],
72 silly audit   'json-buffer': [ '3.0.1' ],
72 silly audit   'json-schema-traverse': [ '0.4.1' ],
72 silly audit   'json-stable-stringify-without-jsonify': [ '1.0.1' ],
72 silly audit   json5: [ '1.0.2' ],
72 silly audit   'jsx-ast-utils': [ '3.3.5' ],
72 silly audit   keyv: [ '4.5.4' ],
72 silly audit   'language-subtag-registry': [ '0.3.23' ],
72 silly audit   'language-tags': [ '1.0.9' ],
72 silly audit   levn: [ '0.4.1' ],
72 silly audit   lightningcss: [ '1.30.1' ],
72 silly audit   'lightningcss-darwin-arm64': [ '1.30.1' ],
72 silly audit   'lightningcss-darwin-x64': [ '1.30.1' ],
72 silly audit   'lightningcss-freebsd-x64': [ '1.30.1' ],
72 silly audit   'lightningcss-linux-arm-gnueabihf': [ '1.30.1' ],
72 silly audit   'lightningcss-linux-arm64-gnu': [ '1.30.1' ],
72 silly audit   'lightningcss-linux-arm64-musl': [ '1.30.1' ],
72 silly audit   'lightningcss-linux-x64-gnu': [ '1.30.1' ],
72 silly audit   'lightningcss-linux-x64-musl': [ '1.30.1' ],
72 silly audit   'lightningcss-win32-arm64-msvc': [ '1.30.1' ],
72 silly audit   'lightningcss-win32-x64-msvc': [ '1.30.1' ],
72 silly audit   'locate-path': [ '6.0.0' ],
72 silly audit   'lodash.merge': [ '4.6.2' ],
72 silly audit   'loose-envify': [ '1.4.0' ],
72 silly audit   'lucide-react': [ '0.536.0' ],
72 silly audit   'magic-string': [ '0.30.17' ],
72 silly audit   'math-intrinsics': [ '1.1.0' ],
72 silly audit   merge2: [ '1.4.1' ],
72 silly audit   micromatch: [ '4.0.8' ],
72 silly audit   minimist: [ '1.2.8' ],
72 silly audit   minipass: [ '7.1.2' ],
72 silly audit   minizlib: [ '3.0.2' ],
72 silly audit   mitt: [ '3.0.1' ],
72 silly audit   mkdirp: [ '3.0.1' ],
72 silly audit   motion: [ '12.23.12' ],
72 silly audit   'motion-dom': [ '12.23.12' ],
72 silly audit   'motion-utils': [ '12.23.6' ],
72 silly audit   ms: [ '2.1.3' ],
72 silly audit   nanoid: [ '5.1.5', '3.3.11' ],
72 silly audit   'napi-postinstall': [ '0.3.2' ],
72 silly audit   'natural-compare': [ '1.4.0' ],
72 silly audit   next: [ '15.4.5' ],
72 silly audit   'next-themes': [ '0.4.6' ],
72 silly audit   postcss: [ '8.4.31', '8.5.6' ],
72 silly audit   nuqs: [ '2.4.3' ],
72 silly audit   'object-assign': [ '4.1.1' ],
72 silly audit   'object-inspect': [ '1.13.4' ],
72 silly audit   'object-keys': [ '1.1.1' ],
72 silly audit   'object.assign': [ '4.1.7' ],
72 silly audit   'object.entries': [ '1.1.9' ],
72 silly audit   'object.fromentries': [ '2.0.8' ],
72 silly audit   'object.groupby': [ '1.0.3' ],
72 silly audit   'object.values': [ '1.2.1' ],
72 silly audit   optionator: [ '0.9.4' ],
72 silly audit   'own-keys': [ '1.0.1' ],
72 silly audit   'p-limit': [ '3.1.0' ],
72 silly audit   'p-locate': [ '5.0.0' ],
72 silly audit   'parent-module': [ '1.0.1' ],
72 silly audit   'path-exists': [ '4.0.0' ],
72 silly audit   'path-key': [ '3.1.1' ],
72 silly audit   'path-parse': [ '1.0.7' ],
72 silly audit   picocolors: [ '1.1.1' ],
72 silly audit   picomatch: [ '2.3.1', '4.0.3' ],
72 silly audit   'possible-typed-array-names': [ '1.1.0' ],
72 silly audit   'prelude-ls': [ '1.2.1' ],
72 silly audit   'prop-types': [ '15.8.1' ],
72 silly audit   punycode: [ '2.3.1' ],
72 silly audit   'queue-microtask': [ '1.2.3' ],
72 silly audit   react: [ '19.1.0' ],
72 silly audit   'react-day-picker': [ '9.8.1' ],
72 silly audit   'react-dom': [ '19.1.0' ],
72 silly audit   'react-hook-form': [ '7.62.0' ],
72 silly audit   'react-hot-toast': [ '2.5.2' ],
72 silly audit   'react-is': [ '16.13.1' ],
72 silly audit   'react-remove-scroll': [ '2.7.1' ],
72 silly audit   'react-remove-scroll-bar': [ '2.3.8' ],
72 silly audit   'react-style-singleton': [ '2.2.3' ],
72 silly audit   'reflect.getprototypeof': [ '1.0.10' ],
72 silly audit   'regexp.prototype.flags': [ '1.5.4' ],
72 silly audit   resend: [ '6.0.1' ],
72 silly audit   'resolve-from': [ '4.0.0' ],
72 silly audit   'resolve-pkg-maps': [ '1.0.0' ],
72 silly audit   reusify: [ '1.1.0' ],
72 silly audit   'run-parallel': [ '1.2.0' ],
72 silly audit   'safe-array-concat': [ '1.1.3' ],
72 silly audit   'safe-push-apply': [ '1.0.0' ],
72 silly audit   'safe-regex-test': [ '1.1.0' ],
72 silly audit   scheduler: [ '0.26.0' ],
72 silly audit   'set-function-length': [ '1.2.2' ],
72 silly audit   'set-function-name': [ '2.0.2' ],
72 silly audit   'set-proto': [ '1.0.0' ],
72 silly audit   sharp: [ '0.34.3' ],
72 silly audit   'shebang-command': [ '2.0.0' ],
72 silly audit   'shebang-regex': [ '3.0.0' ],
72 silly audit   'side-channel': [ '1.1.0' ],
72 silly audit   'side-channel-list': [ '1.0.0' ],
72 silly audit   'side-channel-map': [ '1.0.1' ],
72 silly audit   'side-channel-weakmap': [ '1.0.2' ],
72 silly audit   'simple-swizzle': [ '0.2.2' ],
72 silly audit   sonner: [ '2.0.7' ],
72 silly audit   'source-map-js': [ '1.2.1' ],
72 silly audit   'stable-hash': [ '0.0.5' ],
72 silly audit   'stop-iteration-iterator': [ '1.1.0' ],
72 silly audit   'string.prototype.includes': [ '2.0.1' ],
72 silly audit   'string.prototype.matchall': [ '4.0.12' ],
72 silly audit   'string.prototype.repeat': [ '1.0.0' ],
72 silly audit   'string.prototype.trim': [ '1.2.10' ],
72 silly audit   'string.prototype.trimend': [ '1.0.9' ],
72 silly audit   'string.prototype.trimstart': [ '1.0.8' ],
72 silly audit   'strip-bom': [ '3.0.0' ],
72 silly audit   'strip-json-comments': [ '3.1.1' ],
72 silly audit   'styled-jsx': [ '5.1.6' ],
72 silly audit   'supports-color': [ '7.2.0' ],
72 silly audit   'supports-preserve-symlinks-flag': [ '1.0.0' ],
72 silly audit   'tailwind-merge': [ '3.3.1' ],
72 silly audit   tailwindcss: [ '4.1.11' ],
72 silly audit   tapable: [ '2.2.2' ],
72 silly audit   tar: [ '7.4.3' ],
72 silly audit   tinyglobby: [ '0.2.14' ],
72 silly audit   fdir: [ '6.4.6' ],
72 silly audit   'to-regex-range': [ '5.0.1' ],
72 silly audit   'ts-api-utils': [ '2.1.0' ],
72 silly audit   'tsconfig-paths': [ '3.15.0' ],
72 silly audit   tslib: [ '2.8.1' ],
72 silly audit   'tw-animate-css': [ '1.3.6' ],
72 silly audit   'type-check': [ '0.4.0' ],
72 silly audit   'typed-array-buffer': [ '1.0.3' ],
72 silly audit   'typed-array-byte-length': [ '1.0.3' ],
72 silly audit   'typed-array-byte-offset': [ '1.0.4' ],
72 silly audit   'typed-array-length': [ '1.0.7' ],
72 silly audit   typescript: [ '5.8.3' ],
72 silly audit   'unbox-primitive': [ '1.1.0' ],
72 silly audit   'undici-types': [ '6.21.0' ],
72 silly audit   'unrs-resolver': [ '1.11.1' ],
72 silly audit   'uri-js': [ '4.4.1' ],
72 silly audit   'use-callback-ref': [ '1.3.3' ],
72 silly audit   'use-sidecar': [ '1.1.3' ],
72 silly audit   'use-sync-external-store': [ '1.5.0' ],
72 silly audit   which: [ '2.0.2' ],
72 silly audit   'which-boxed-primitive': [ '1.1.1' ],
72 silly audit   'which-builtin-type': [ '1.2.1' ],
72 silly audit   'which-collection': [ '1.0.2' ],
72 silly audit   'which-typed-array': [ '1.1.19' ],
72 silly audit   'word-wrap': [ '1.2.5' ],
72 silly audit   yallist: [ '5.0.0' ],
72 silly audit   'yocto-queue': [ '0.1.0' ],
72 silly audit   zod: [ '4.0.14' ],
72 silly audit   '@radix-ui/react-accordion': [ '1.2.12' ],
72 silly audit   '@radix-ui/react-collapsible': [ '1.1.12' ],
72 silly audit   '@tailwindcss/oxide-wasm32-wasi': [ '4.1.11' ]
72 silly audit }
73 verbose reify failed optional dependency /Users/admin/Documents/INHOUSE CRM/crminhouse/node_modules/lightningcss-win32-x64-msvc
74 silly reify mark deleted [
74 silly reify   '/Users/admin/Documents/INHOUSE CRM/crminhouse/node_modules/lightningcss-win32-x64-msvc'
74 silly reify ]
75 verbose reify failed optional dependency /Users/admin/Documents/INHOUSE CRM/crminhouse/node_modules/lightningcss-win32-arm64-msvc
76 silly reify mark deleted [
76 silly reify   '/Users/admin/Documents/INHOUSE CRM/crminhouse/node_modules/lightningcss-win32-arm64-msvc'
76 silly reify ]
77 verbose reify failed optional dependency /Users/admin/Documents/INHOUSE CRM/crminhouse/node_modules/lightningcss-linux-x64-musl
78 silly reify mark deleted [
78 silly reify   '/Users/admin/Documents/INHOUSE CRM/crminhouse/node_modules/lightningcss-linux-x64-musl'
78 silly reify ]
79 verbose reify failed optional dependency /Users/admin/Documents/INHOUSE CRM/crminhouse/node_modules/lightningcss-linux-x64-gnu
80 silly reify mark deleted [
80 silly reify   '/Users/admin/Documents/INHOUSE CRM/crminhouse/node_modules/lightningcss-linux-x64-gnu'
80 silly reify ]
81 verbose reify failed optional dependency /Users/admin/Documents/INHOUSE CRM/crminhouse/node_modules/lightningcss-linux-arm64-musl
82 silly reify mark deleted [
82 silly reify   '/Users/admin/Documents/INHOUSE CRM/crminhouse/node_modules/lightningcss-linux-arm64-musl'
82 silly reify ]
83 verbose reify failed optional dependency /Users/admin/Documents/INHOUSE CRM/crminhouse/node_modules/lightningcss-linux-arm64-gnu
84 silly reify mark deleted [
84 silly reify   '/Users/admin/Documents/INHOUSE CRM/crminhouse/node_modules/lightningcss-linux-arm64-gnu'
84 silly reify ]
85 verbose reify failed optional dependency /Users/admin/Documents/INHOUSE CRM/crminhouse/node_modules/lightningcss-linux-arm-gnueabihf
86 silly reify mark deleted [
86 silly reify   '/Users/admin/Documents/INHOUSE CRM/crminhouse/node_modules/lightningcss-linux-arm-gnueabihf'
86 silly reify ]
87 verbose reify failed optional dependency /Users/admin/Documents/INHOUSE CRM/crminhouse/node_modules/lightningcss-freebsd-x64
88 silly reify mark deleted [
88 silly reify   '/Users/admin/Documents/INHOUSE CRM/crminhouse/node_modules/lightningcss-freebsd-x64'
88 silly reify ]
89 verbose reify failed optional dependency /Users/admin/Documents/INHOUSE CRM/crminhouse/node_modules/lightningcss-darwin-arm64
90 silly reify mark deleted [
90 silly reify   '/Users/admin/Documents/INHOUSE CRM/crminhouse/node_modules/lightningcss-darwin-arm64'
90 silly reify ]
91 verbose reify failed optional dependency /Users/admin/Documents/INHOUSE CRM/crminhouse/node_modules/@unrs/resolver-binding-win32-x64-msvc
92 silly reify mark deleted [
92 silly reify   '/Users/admin/Documents/INHOUSE CRM/crminhouse/node_modules/@unrs/resolver-binding-win32-x64-msvc'
92 silly reify ]
93 verbose reify failed optional dependency /Users/admin/Documents/INHOUSE CRM/crminhouse/node_modules/@unrs/resolver-binding-win32-ia32-msvc
94 silly reify mark deleted [
94 silly reify   '/Users/admin/Documents/INHOUSE CRM/crminhouse/node_modules/@unrs/resolver-binding-win32-ia32-msvc'
94 silly reify ]
95 verbose reify failed optional dependency /Users/admin/Documents/INHOUSE CRM/crminhouse/node_modules/@unrs/resolver-binding-win32-arm64-msvc
96 silly reify mark deleted [
96 silly reify   '/Users/admin/Documents/INHOUSE CRM/crminhouse/node_modules/@unrs/resolver-binding-win32-arm64-msvc'
96 silly reify ]
97 verbose reify failed optional dependency /Users/admin/Documents/INHOUSE CRM/crminhouse/node_modules/@unrs/resolver-binding-wasm32-wasi
98 silly reify mark deleted [
98 silly reify   '/Users/admin/Documents/INHOUSE CRM/crminhouse/node_modules/@unrs/resolver-binding-wasm32-wasi'
98 silly reify ]
99 verbose reify failed optional dependency /Users/admin/Documents/INHOUSE CRM/crminhouse/node_modules/@unrs/resolver-binding-linux-x64-musl
100 silly reify mark deleted [
100 silly reify   '/Users/admin/Documents/INHOUSE CRM/crminhouse/node_modules/@unrs/resolver-binding-linux-x64-musl'
100 silly reify ]
101 verbose reify failed optional dependency /Users/admin/Documents/INHOUSE CRM/crminhouse/node_modules/@unrs/resolver-binding-linux-x64-gnu
102 silly reify mark deleted [
102 silly reify   '/Users/admin/Documents/INHOUSE CRM/crminhouse/node_modules/@unrs/resolver-binding-linux-x64-gnu'
102 silly reify ]
103 verbose reify failed optional dependency /Users/admin/Documents/INHOUSE CRM/crminhouse/node_modules/@unrs/resolver-binding-linux-s390x-gnu
104 silly reify mark deleted [
104 silly reify   '/Users/admin/Documents/INHOUSE CRM/crminhouse/node_modules/@unrs/resolver-binding-linux-s390x-gnu'
104 silly reify ]
105 verbose reify failed optional dependency /Users/admin/Documents/INHOUSE CRM/crminhouse/node_modules/@unrs/resolver-binding-linux-riscv64-musl
106 silly reify mark deleted [
106 silly reify   '/Users/admin/Documents/INHOUSE CRM/crminhouse/node_modules/@unrs/resolver-binding-linux-riscv64-musl'
106 silly reify ]
107 verbose reify failed optional dependency /Users/admin/Documents/INHOUSE CRM/crminhouse/node_modules/@unrs/resolver-binding-linux-riscv64-gnu
108 silly reify mark deleted [
108 silly reify   '/Users/admin/Documents/INHOUSE CRM/crminhouse/node_modules/@unrs/resolver-binding-linux-riscv64-gnu'
108 silly reify ]
109 verbose reify failed optional dependency /Users/admin/Documents/INHOUSE CRM/crminhouse/node_modules/@unrs/resolver-binding-linux-ppc64-gnu
110 silly reify mark deleted [
110 silly reify   '/Users/admin/Documents/INHOUSE CRM/crminhouse/node_modules/@unrs/resolver-binding-linux-ppc64-gnu'
110 silly reify ]
111 verbose reify failed optional dependency /Users/admin/Documents/INHOUSE CRM/crminhouse/node_modules/@unrs/resolver-binding-linux-arm64-musl
112 silly reify mark deleted [
112 silly reify   '/Users/admin/Documents/INHOUSE CRM/crminhouse/node_modules/@unrs/resolver-binding-linux-arm64-musl'
112 silly reify ]
113 verbose reify failed optional dependency /Users/admin/Documents/INHOUSE CRM/crminhouse/node_modules/@unrs/resolver-binding-linux-arm64-gnu
114 silly reify mark deleted [
114 silly reify   '/Users/admin/Documents/INHOUSE CRM/crminhouse/node_modules/@unrs/resolver-binding-linux-arm64-gnu'
114 silly reify ]
115 verbose reify failed optional dependency /Users/admin/Documents/INHOUSE CRM/crminhouse/node_modules/@unrs/resolver-binding-linux-arm-musleabihf
116 silly reify mark deleted [
116 silly reify   '/Users/admin/Documents/INHOUSE CRM/crminhouse/node_modules/@unrs/resolver-binding-linux-arm-musleabihf'
116 silly reify ]
117 verbose reify failed optional dependency /Users/admin/Documents/INHOUSE CRM/crminhouse/node_modules/@unrs/resolver-binding-linux-arm-gnueabihf
118 silly reify mark deleted [
118 silly reify   '/Users/admin/Documents/INHOUSE CRM/crminhouse/node_modules/@unrs/resolver-binding-linux-arm-gnueabihf'
118 silly reify ]
119 verbose reify failed optional dependency /Users/admin/Documents/INHOUSE CRM/crminhouse/node_modules/@unrs/resolver-binding-freebsd-x64
120 silly reify mark deleted [
120 silly reify   '/Users/admin/Documents/INHOUSE CRM/crminhouse/node_modules/@unrs/resolver-binding-freebsd-x64'
120 silly reify ]
121 verbose reify failed optional dependency /Users/admin/Documents/INHOUSE CRM/crminhouse/node_modules/@unrs/resolver-binding-darwin-arm64
122 silly reify mark deleted [
122 silly reify   '/Users/admin/Documents/INHOUSE CRM/crminhouse/node_modules/@unrs/resolver-binding-darwin-arm64'
122 silly reify ]
123 verbose reify failed optional dependency /Users/admin/Documents/INHOUSE CRM/crminhouse/node_modules/@unrs/resolver-binding-android-arm64
124 silly reify mark deleted [
124 silly reify   '/Users/admin/Documents/INHOUSE CRM/crminhouse/node_modules/@unrs/resolver-binding-android-arm64'
124 silly reify ]
125 verbose reify failed optional dependency /Users/admin/Documents/INHOUSE CRM/crminhouse/node_modules/@unrs/resolver-binding-android-arm-eabi
126 silly reify mark deleted [
126 silly reify   '/Users/admin/Documents/INHOUSE CRM/crminhouse/node_modules/@unrs/resolver-binding-android-arm-eabi'
126 silly reify ]
127 verbose reify failed optional dependency /Users/admin/Documents/INHOUSE CRM/crminhouse/node_modules/@tailwindcss/oxide-win32-x64-msvc
128 silly reify mark deleted [
128 silly reify   '/Users/admin/Documents/INHOUSE CRM/crminhouse/node_modules/@tailwindcss/oxide-win32-x64-msvc'
128 silly reify ]
129 verbose reify failed optional dependency /Users/admin/Documents/INHOUSE CRM/crminhouse/node_modules/@tailwindcss/oxide-win32-arm64-msvc
130 silly reify mark deleted [
130 silly reify   '/Users/admin/Documents/INHOUSE CRM/crminhouse/node_modules/@tailwindcss/oxide-win32-arm64-msvc'
130 silly reify ]
131 verbose reify failed optional dependency /Users/admin/Documents/INHOUSE CRM/crminhouse/node_modules/@tailwindcss/oxide-linux-x64-musl
132 silly reify mark deleted [
132 silly reify   '/Users/admin/Documents/INHOUSE CRM/crminhouse/node_modules/@tailwindcss/oxide-linux-x64-musl'
132 silly reify ]
133 verbose reify failed optional dependency /Users/admin/Documents/INHOUSE CRM/crminhouse/node_modules/@tailwindcss/oxide-linux-x64-gnu
134 silly reify mark deleted [
134 silly reify   '/Users/admin/Documents/INHOUSE CRM/crminhouse/node_modules/@tailwindcss/oxide-linux-x64-gnu'
134 silly reify ]
135 verbose reify failed optional dependency /Users/admin/Documents/INHOUSE CRM/crminhouse/node_modules/@tailwindcss/oxide-linux-arm64-musl
136 silly reify mark deleted [
136 silly reify   '/Users/admin/Documents/INHOUSE CRM/crminhouse/node_modules/@tailwindcss/oxide-linux-arm64-musl'
136 silly reify ]
137 verbose reify failed optional dependency /Users/admin/Documents/INHOUSE CRM/crminhouse/node_modules/@tailwindcss/oxide-linux-arm64-gnu
138 silly reify mark deleted [
138 silly reify   '/Users/admin/Documents/INHOUSE CRM/crminhouse/node_modules/@tailwindcss/oxide-linux-arm64-gnu'
138 silly reify ]
139 verbose reify failed optional dependency /Users/admin/Documents/INHOUSE CRM/crminhouse/node_modules/@tailwindcss/oxide-linux-arm-gnueabihf
140 silly reify mark deleted [
140 silly reify   '/Users/admin/Documents/INHOUSE CRM/crminhouse/node_modules/@tailwindcss/oxide-linux-arm-gnueabihf'
140 silly reify ]
141 verbose reify failed optional dependency /Users/admin/Documents/INHOUSE CRM/crminhouse/node_modules/@tailwindcss/oxide-freebsd-x64
142 silly reify mark deleted [
142 silly reify   '/Users/admin/Documents/INHOUSE CRM/crminhouse/node_modules/@tailwindcss/oxide-freebsd-x64'
142 silly reify ]
143 verbose reify failed optional dependency /Users/admin/Documents/INHOUSE CRM/crminhouse/node_modules/@tailwindcss/oxide-darwin-arm64
144 silly reify mark deleted [
144 silly reify   '/Users/admin/Documents/INHOUSE CRM/crminhouse/node_modules/@tailwindcss/oxide-darwin-arm64'
144 silly reify ]
145 verbose reify failed optional dependency /Users/admin/Documents/INHOUSE CRM/crminhouse/node_modules/@tailwindcss/oxide-android-arm64
146 silly reify mark deleted [
146 silly reify   '/Users/admin/Documents/INHOUSE CRM/crminhouse/node_modules/@tailwindcss/oxide-android-arm64'
146 silly reify ]
147 verbose reify failed optional dependency /Users/admin/Documents/INHOUSE CRM/crminhouse/node_modules/@next/swc-win32-x64-msvc
148 silly reify mark deleted [
148 silly reify   '/Users/admin/Documents/INHOUSE CRM/crminhouse/node_modules/@next/swc-win32-x64-msvc'
148 silly reify ]
149 verbose reify failed optional dependency /Users/admin/Documents/INHOUSE CRM/crminhouse/node_modules/@next/swc-win32-arm64-msvc
150 silly reify mark deleted [
150 silly reify   '/Users/admin/Documents/INHOUSE CRM/crminhouse/node_modules/@next/swc-win32-arm64-msvc'
150 silly reify ]
151 verbose reify failed optional dependency /Users/admin/Documents/INHOUSE CRM/crminhouse/node_modules/@next/swc-linux-x64-musl
152 silly reify mark deleted [
152 silly reify   '/Users/admin/Documents/INHOUSE CRM/crminhouse/node_modules/@next/swc-linux-x64-musl'
152 silly reify ]
153 verbose reify failed optional dependency /Users/admin/Documents/INHOUSE CRM/crminhouse/node_modules/@next/swc-linux-x64-gnu
154 silly reify mark deleted [
154 silly reify   '/Users/admin/Documents/INHOUSE CRM/crminhouse/node_modules/@next/swc-linux-x64-gnu'
154 silly reify ]
155 verbose reify failed optional dependency /Users/admin/Documents/INHOUSE CRM/crminhouse/node_modules/@next/swc-linux-arm64-musl
156 silly reify mark deleted [
156 silly reify   '/Users/admin/Documents/INHOUSE CRM/crminhouse/node_modules/@next/swc-linux-arm64-musl'
156 silly reify ]
157 verbose reify failed optional dependency /Users/admin/Documents/INHOUSE CRM/crminhouse/node_modules/@next/swc-linux-arm64-gnu
158 silly reify mark deleted [
158 silly reify   '/Users/admin/Documents/INHOUSE CRM/crminhouse/node_modules/@next/swc-linux-arm64-gnu'
158 silly reify ]
159 verbose reify failed optional dependency /Users/admin/Documents/INHOUSE CRM/crminhouse/node_modules/@next/swc-darwin-arm64
160 silly reify mark deleted [
160 silly reify   '/Users/admin/Documents/INHOUSE CRM/crminhouse/node_modules/@next/swc-darwin-arm64'
160 silly reify ]
161 verbose reify failed optional dependency /Users/admin/Documents/INHOUSE CRM/crminhouse/node_modules/@img/sharp-win32-x64
162 silly reify mark deleted [
162 silly reify   '/Users/admin/Documents/INHOUSE CRM/crminhouse/node_modules/@img/sharp-win32-x64'
162 silly reify ]
163 verbose reify failed optional dependency /Users/admin/Documents/INHOUSE CRM/crminhouse/node_modules/@img/sharp-win32-ia32
164 silly reify mark deleted [
164 silly reify   '/Users/admin/Documents/INHOUSE CRM/crminhouse/node_modules/@img/sharp-win32-ia32'
164 silly reify ]
165 verbose reify failed optional dependency /Users/admin/Documents/INHOUSE CRM/crminhouse/node_modules/@img/sharp-win32-arm64
166 silly reify mark deleted [
166 silly reify   '/Users/admin/Documents/INHOUSE CRM/crminhouse/node_modules/@img/sharp-win32-arm64'
166 silly reify ]
167 verbose reify failed optional dependency /Users/admin/Documents/INHOUSE CRM/crminhouse/node_modules/@img/sharp-wasm32
168 silly reify mark deleted [
168 silly reify   '/Users/admin/Documents/INHOUSE CRM/crminhouse/node_modules/@img/sharp-wasm32'
168 silly reify ]
169 verbose reify failed optional dependency /Users/admin/Documents/INHOUSE CRM/crminhouse/node_modules/@img/sharp-linuxmusl-x64
170 silly reify mark deleted [
170 silly reify   '/Users/admin/Documents/INHOUSE CRM/crminhouse/node_modules/@img/sharp-linuxmusl-x64'
170 silly reify ]
171 verbose reify failed optional dependency /Users/admin/Documents/INHOUSE CRM/crminhouse/node_modules/@img/sharp-linuxmusl-arm64
172 silly reify mark deleted [
172 silly reify   '/Users/admin/Documents/INHOUSE CRM/crminhouse/node_modules/@img/sharp-linuxmusl-arm64'
172 silly reify ]
173 verbose reify failed optional dependency /Users/admin/Documents/INHOUSE CRM/crminhouse/node_modules/@img/sharp-linux-x64
174 silly reify mark deleted [
174 silly reify   '/Users/admin/Documents/INHOUSE CRM/crminhouse/node_modules/@img/sharp-linux-x64'
174 silly reify ]
175 verbose reify failed optional dependency /Users/admin/Documents/INHOUSE CRM/crminhouse/node_modules/@img/sharp-linux-s390x
176 silly reify mark deleted [
176 silly reify   '/Users/admin/Documents/INHOUSE CRM/crminhouse/node_modules/@img/sharp-linux-s390x'
176 silly reify ]
177 verbose reify failed optional dependency /Users/admin/Documents/INHOUSE CRM/crminhouse/node_modules/@img/sharp-linux-ppc64
178 silly reify mark deleted [
178 silly reify   '/Users/admin/Documents/INHOUSE CRM/crminhouse/node_modules/@img/sharp-linux-ppc64'
178 silly reify ]
179 verbose reify failed optional dependency /Users/admin/Documents/INHOUSE CRM/crminhouse/node_modules/@img/sharp-linux-arm64
180 silly reify mark deleted [
180 silly reify   '/Users/admin/Documents/INHOUSE CRM/crminhouse/node_modules/@img/sharp-linux-arm64'
180 silly reify ]
181 verbose reify failed optional dependency /Users/admin/Documents/INHOUSE CRM/crminhouse/node_modules/@img/sharp-linux-arm
182 silly reify mark deleted [
182 silly reify   '/Users/admin/Documents/INHOUSE CRM/crminhouse/node_modules/@img/sharp-linux-arm'
182 silly reify ]
183 verbose reify failed optional dependency /Users/admin/Documents/INHOUSE CRM/crminhouse/node_modules/@img/sharp-libvips-linuxmusl-x64
184 silly reify mark deleted [
184 silly reify   '/Users/admin/Documents/INHOUSE CRM/crminhouse/node_modules/@img/sharp-libvips-linuxmusl-x64'
184 silly reify ]
185 verbose reify failed optional dependency /Users/admin/Documents/INHOUSE CRM/crminhouse/node_modules/@img/sharp-libvips-linuxmusl-arm64
186 silly reify mark deleted [
186 silly reify   '/Users/admin/Documents/INHOUSE CRM/crminhouse/node_modules/@img/sharp-libvips-linuxmusl-arm64'
186 silly reify ]
187 verbose reify failed optional dependency /Users/admin/Documents/INHOUSE CRM/crminhouse/node_modules/@img/sharp-libvips-linux-x64
188 silly reify mark deleted [
188 silly reify   '/Users/admin/Documents/INHOUSE CRM/crminhouse/node_modules/@img/sharp-libvips-linux-x64'
188 silly reify ]
189 verbose reify failed optional dependency /Users/admin/Documents/INHOUSE CRM/crminhouse/node_modules/@img/sharp-libvips-linux-s390x
190 silly reify mark deleted [
190 silly reify   '/Users/admin/Documents/INHOUSE CRM/crminhouse/node_modules/@img/sharp-libvips-linux-s390x'
190 silly reify ]
191 verbose reify failed optional dependency /Users/admin/Documents/INHOUSE CRM/crminhouse/node_modules/@img/sharp-libvips-linux-ppc64
192 silly reify mark deleted [
192 silly reify   '/Users/admin/Documents/INHOUSE CRM/crminhouse/node_modules/@img/sharp-libvips-linux-ppc64'
192 silly reify ]
193 verbose reify failed optional dependency /Users/admin/Documents/INHOUSE CRM/crminhouse/node_modules/@img/sharp-libvips-linux-arm64
194 silly reify mark deleted [
194 silly reify   '/Users/admin/Documents/INHOUSE CRM/crminhouse/node_modules/@img/sharp-libvips-linux-arm64'
194 silly reify ]
195 verbose reify failed optional dependency /Users/admin/Documents/INHOUSE CRM/crminhouse/node_modules/@img/sharp-libvips-linux-arm
196 silly reify mark deleted [
196 silly reify   '/Users/admin/Documents/INHOUSE CRM/crminhouse/node_modules/@img/sharp-libvips-linux-arm'
196 silly reify ]
197 verbose reify failed optional dependency /Users/admin/Documents/INHOUSE CRM/crminhouse/node_modules/@img/sharp-libvips-darwin-arm64
198 silly reify mark deleted [
198 silly reify   '/Users/admin/Documents/INHOUSE CRM/crminhouse/node_modules/@img/sharp-libvips-darwin-arm64'
198 silly reify ]
199 verbose reify failed optional dependency /Users/admin/Documents/INHOUSE CRM/crminhouse/node_modules/@img/sharp-darwin-arm64
200 silly reify mark deleted [
200 silly reify   '/Users/admin/Documents/INHOUSE CRM/crminhouse/node_modules/@img/sharp-darwin-arm64'
200 silly reify ]
201 silly tarball no local data for @radix-ui/react-collapsible@https://registry.npmjs.org/@radix-ui/react-collapsible/-/react-collapsible-1.1.12.tgz. Extracting by manifest.
202 silly tarball no local data for @radix-ui/primitive@https://registry.npmjs.org/@radix-ui/primitive/-/primitive-1.1.3.tgz. Extracting by manifest.
203 silly tarball no local data for @radix-ui/react-presence@https://registry.npmjs.org/@radix-ui/react-presence/-/react-presence-1.1.5.tgz. Extracting by manifest.
204 silly tarball no local data for @radix-ui/react-accordion@https://registry.npmjs.org/@radix-ui/react-accordion/-/react-accordion-1.2.12.tgz. Extracting by manifest.
205 silly tarball no local data for @radix-ui/primitive@https://registry.npmjs.org/@radix-ui/primitive/-/primitive-1.1.3.tgz. Extracting by manifest.
206 http fetch GET 200 https://registry.npmjs.org/@radix-ui/react-collapsible/-/react-collapsible-1.1.12.tgz 233ms (cache miss)
207 http fetch POST 200 https://registry.npmjs.org/-/npm/v1/security/advisories/bulk 414ms
208 silly audit report {
208 silly audit report   next: [
208 silly audit report     {
208 silly audit report       id: 1107515,
208 silly audit report       url: 'https://github.com/advisories/GHSA-4342-x723-ch2f',
208 silly audit report       title: 'Next.js Improper Middleware Redirect Handling Leads to SSRF',
208 silly audit report       severity: 'moderate',
208 silly audit report       vulnerable_versions: '>=15.0.0-canary.0 <15.4.7',
208 silly audit report       cwe: [Array],
208 silly audit report       cvss: [Object]
208 silly audit report     }
208 silly audit report   ]
208 silly audit report }
209 silly packumentCache corgi:https://registry.npmjs.org/next cache-miss
210 http fetch GET 200 https://registry.npmjs.org/@radix-ui/primitive/-/primitive-1.1.3.tgz 418ms (cache miss)
211 http fetch GET 200 https://registry.npmjs.org/@radix-ui/primitive/-/primitive-1.1.3.tgz 417ms (cache miss)
212 http fetch GET 200 https://registry.npmjs.org/@radix-ui/react-presence/-/react-presence-1.1.5.tgz 455ms (cache miss)
213 http fetch GET 200 https://registry.npmjs.org/@radix-ui/react-accordion/-/react-accordion-1.2.12.tgz 664ms (cache miss)
214 http fetch GET 200 https://registry.npmjs.org/next 2314ms (cache miss)
215 silly packumentCache corgi:https://registry.npmjs.org/next set size:undefined disposed:false
216 silly packumentCache corgi:https://registry.npmjs.org/nuqs cache-miss
217 http fetch GET 200 https://registry.npmjs.org/nuqs 108ms (cache miss)
218 silly packumentCache corgi:https://registry.npmjs.org/nuqs set size:undefined disposed:false
219 silly ADD node_modules/@radix-ui/react-accordion
220 silly ADD node_modules/@radix-ui/react-accordion/node_modules/@radix-ui/primitive
221 silly ADD
222 silly ADD
223 silly ADD
224 silly ADD
225 silly ADD
226 silly ADD
227 silly ADD
228 silly ADD
229 silly ADD
230 silly ADD
231 silly ADD
232 silly ADD
233 silly ADD
234 silly ADD
235 silly ADD
236 silly ADD
237 silly ADD
238 silly ADD
239 silly ADD
240 silly ADD
241 silly ADD
242 silly ADD
243 silly ADD
244 silly ADD
245 silly ADD
246 silly ADD
247 silly ADD
248 silly ADD
249 silly ADD
250 silly ADD
251 silly ADD
252 silly ADD
253 silly ADD
254 silly ADD
255 silly ADD
256 silly ADD
257 silly ADD
258 silly ADD
259 silly ADD
260 silly ADD
261 silly ADD
262 silly ADD
263 silly ADD
264 silly ADD
265 silly ADD
266 silly ADD
267 silly ADD
268 silly ADD
269 silly ADD
270 silly ADD
271 silly ADD
272 silly ADD
273 silly ADD
274 silly ADD
275 silly ADD
276 silly ADD
277 silly ADD
278 silly ADD
279 silly ADD
280 silly ADD
281 silly ADD
282 silly ADD
283 silly ADD
284 silly ADD
285 silly ADD
286 silly CHANGE node_modules/@radix-ui/react-collapsible
287 silly ADD node_modules/@radix-ui/react-collapsible/node_modules/@radix-ui/react-presence
288 silly ADD node_modules/@radix-ui/react-collapsible/node_modules/@radix-ui/primitive
289 verbose cwd /Users/admin/Documents/INHOUSE CRM/crminhouse
290 verbose os Darwin 23.6.0
291 verbose node v23.2.0
292 verbose npm  v10.9.0
293 notice
293 notice New major version of npm available! 10.9.0 -> 11.6.2
293 notice Changelog: https://github.com/npm/cli/releases/tag/v11.6.2
293 notice To update run: npm install -g npm@11.6.2
293 notice  { force: true, [Symbol(proc-log.meta)]: true }
294 verbose exit 0
295 info ok
